Server is running on port 3001
✅ MongoDB connected successfully
(node:91157) [MONGOOSE] Warning: mongoose: Duplicate schema index on {"email":1} for model "User". This is often due to declaring an index using both "index: true" and "schema.index()". Please remove the duplicate index definition.
(Use `node --trace-warnings ...` to show where the warning was created)
(node:91157) [MONGOOSE] Warning: mongoose: Duplicate schema index on {"user":1} for model "SupplierProfile". This is often due to declaring an index using both "index: true" and "schema.index()". Please remove the duplicate index definition.
(node:91157) [MONGOOSE] Warning: mongoose: Duplicate schema index on {"user":1} for model "ConsumerProfile". This is often due to declaring an index using both "index: true" and "schema.index()". Please remove the duplicate index definition.
(node:91157) [MONGOOSE] Warning: mongoose: Duplicate schema index on {"user":1} for model "ArtisanProfile". This is often due to declaring an index using both "index: true" and "schema.index()". Please remove the duplicate index definition.
(node:91157) [MONGOOSE] Warning: mongoose: the `new` option for `findOneAndUpdate()` and `findOneAndReplace()` is deprecated. Use `returnDocument: 'after'` instead.
(node:91157) [MONGOOSE] Warning: mongoose: the `new` option for `findOneAndUpdate()` and `findOneAndReplace()` is deprecated. Use `returnDocument: 'after'` instead.
Update preferences error: CastError: Cast to ObjectId failed for value "Traditional" (type string) at path "_id" for model "CraftTag"
    at SchemaObjectId.cast (/Users/kartik./Developer/sutraGram/backend/node_modules/mongoose/lib/schema/objectId.js:253:11)
    at SchemaType.applySetters (/Users/kartik./Developer/sutraGram/backend/node_modules/mongoose/lib/schemaType.js:1280:12)
    at SchemaType.castForQuery (/Users/kartik./Developer/sutraGram/backend/node_modules/mongoose/lib/schemaType.js:1706:17)
    at /Users/kartik./Developer/sutraGram/backend/node_modules/mongoose/lib/schemaType.js:1661:18
    at Array.map (<anonymous>)
    at SchemaObjectId.handle$in (/Users/kartik./Developer/sutraGram/backend/node_modules/mongoose/lib/schemaType.js:1657:14)
    at SchemaType.castForQuery (/Users/kartik./Developer/sutraGram/backend/node_modules/mongoose/lib/schemaType.js:1702:20)
    at cast (/Users/kartik./Developer/sutraGram/backend/node_modules/mongoose/lib/cast.js:363:39)
    at Query.cast (/Users/kartik./Developer/sutraGram/backend/node_modules/mongoose/lib/query.js:5088:12)
    at Query._castConditions (/Users/kartik./Developer/sutraGram/backend/node_modules/mongoose/lib/query.js:2376:10) {
  stringValue: '"Traditional"',
  messageFormat: undefined,
  kind: 'ObjectId',
  value: 'Traditional',
  path: '_id',
  reason: BSONError: input must be a 24 character hex string, 12 byte Uint8Array, or an integer
      at new ObjectId (/Users/kartik./Developer/sutraGram/backend/node_modules/bson/lib/bson.cjs:2636:23)
      at castObjectId (/Users/kartik./Developer/sutraGram/backend/node_modules/mongoose/lib/cast/objectid.js:25:12)
      at SchemaObjectId.cast (/Users/kartik./Developer/sutraGram/backend/node_modules/mongoose/lib/schema/objectId.js:251:12)
      at SchemaType.applySetters (/Users/kartik./Developer/sutraGram/backend/node_modules/mongoose/lib/schemaType.js:1280:12)
      at SchemaType.castForQuery (/Users/kartik./Developer/sutraGram/backend/node_modules/mongoose/lib/schemaType.js:1706:17)
      at /Users/kartik./Developer/sutraGram/backend/node_modules/mongoose/lib/schemaType.js:1661:18
      at Array.map (<anonymous>)
      at SchemaObjectId.handle$in (/Users/kartik./Developer/sutraGram/backend/node_modules/mongoose/lib/schemaType.js:1657:14)
      at SchemaType.castForQuery (/Users/kartik./Developer/sutraGram/backend/node_modules/mongoose/lib/schemaType.js:1702:20)
      at cast (/Users/kartik./Developer/sutraGram/backend/node_modules/mongoose/lib/cast.js:363:39),
  valueType: 'string'
}
